// Jest Snapshot v1, https://goo.gl/fbAQLP

exports[`Popup tests addPopup should add correct popup 1`] = `
<style
  id="mesh-link-popup__styles"
>
  
  body {
    position: fixed;
    left: 0;
    top: 0;
    bottom: 0;
    right: 0;
    overflow: hidden;
  }

  #mesh-link-popup {
    all: unset;
    position: fixed;
    left: 0;
    top: 0;
    bottom: 0;
    right: 0;
    display: flex;
    flex-direction: column;
    align-items: center;
    justify-content: center;
    z-index: 10000;
  }

  #mesh-link-popup__backdrop {
    position: absolute;
    left: 0;
    top: 0;
    bottom: 0;
    right: 0;
    z-index: 10000;
    background: black;
    opacity: 0.8;
  }

  #mesh-link-popup__popup-content {
    position: absolute;
    height: 80%;
    max-height: 710px;
    min-height: 685px;
    margin: auto;
    z-index: 10001;
    width: 30%;
    max-width: 430px;
    min-width: 380px;
    display: flex;
    flex-direction: column;
    border-radius: 2px;
    flex-grow: 1;
  }

  #mesh-link-popup__popup-content iframe {
    border: none;
    width: 100%;
    flex-grow: 1;
    border-radius: 2px;
  }

  @media only screen and (max-width: 768px) {
    #mesh-link-popup__popup-content {
      height: 100vh;
      width: 100vw;
      max-width: 100%;
      min-width: 100%;
      max-height: 100%;
      min-height: 100%;
      border-radius: 0px;
    }

    #mesh-link-popup__popup-content iframe {
      border-radius: 0px;
    }
  }

  @media only screen and (max-height: 710px) {
    #mesh-link-popup__popup-content {
      max-height: 100%;
      min-height: 100%;
    }
  }

</style>
`;
